============================= test session starts =============================
platform win32 -- Python 3.10.20, pytest-9.0.3, pluggy-1.6.0 -- C:\Users\admin\miniconda3\envs\datn\python.exe
cachedir: .pytest_cache
metadata: {'Python': '3.10.20', 'Platform': 'Windows-10-10.0.26200-SP0', 'Packages': {'pytest': '9.0.3', 'pluggy': '1.6.0'}, 'Plugins': {'anyio': '4.13.0', 'asyncio': '1.4.0', 'cov': '7.1.0', 'html': '4.2.0', 'metadata': '3.1.1'}}
rootdir: C:\Users\admin\Documents\ĐATN\datn_source\email_scheduler_ai
configfile: pytest.ini
plugins: anyio-4.13.0, asyncio-1.4.0, cov-7.1.0, html-4.2.0, metadata-3.1.1
asyncio: mode=auto, debug=False, asyncio_default_fixture_loop_scope=None, asyncio_default_test_loop_scope=function
collecting ... collected 180 items

app/tests/e2e/test_full_pipeline.py::TestFullSchedulePipeline::test_full_schedule_flow PASSED [  0%]
app/tests/e2e/test_full_pipeline.py::TestFullSchedulePipeline::test_full_schedule_with_conflict PASSED [  1%]
app/tests/e2e/test_full_pipeline.py::TestFullCancelPipeline::test_full_cancel_flow PASSED [  1%]
app/tests/e2e/test_full_pipeline.py::TestFullPipelineWithEvaluation::test_pipeline_with_retry PASSED [  2%]
app/tests/integration/test_api_chat.py::TestChatEndpoint::test_chat_returns_reply PASSED [  2%]
app/tests/integration/test_api_chat.py::TestChatEndpoint::test_chat_with_empty_message PASSED [  3%]
app/tests/integration/test_api_chat.py::TestChatEndpoint::test_chat_with_schedule_action PASSED [  3%]
app/tests/integration/test_api_chat.py::TestChatEndpoint::test_chat_with_cancel_action PASSED [  4%]
app/tests/integration/test_api_chat.py::TestConfirmInvite::test_confirm_invalid_token PASSED [  5%]
app/tests/integration/test_api_chat.py::TestDeclineInvite::test_decline_invalid_token PASSED [  5%]
app/tests/integration/test_api_chat.py::TestConfirmCancel::test_confirm_cancel_invalid_token PASSED [  6%]
app/tests/integration/test_api_chat.py::TestConfirmReschedule::test_confirm_reschedule_invalid_token PASSED [  6%]
app/tests/integration/test_api_chat.py::TestDeclineReschedule::test_decline_reschedule_invalid_token PASSED [  7%]
app/tests/integration/test_api_dashboard.py::TestDashboardStats::test_stats_endpoint_returns_structure PASSED [  7%]
app/tests/integration/test_api_dashboard.py::TestDashboardStats::test_stats_with_seeded_data PASSED [  8%]
app/tests/integration/test_api_dashboard.py::TestDashboardStats::test_stats_empty_db PASSED [  8%]
app/tests/integration/test_api_dashboard.py::TestDashboardLogs::test_logs_endpoint_returns_structure PASSED [  9%]
app/tests/integration/test_api_dashboard.py::TestDashboardLogs::test_logs_with_seeded_data PASSED [ 10%]
app/tests/integration/test_api_dashboard.py::TestDashboardLogs::test_logs_pagination PASSED [ 10%]
app/tests/integration/test_api_dashboard.py::TestDashboardLogs::test_logs_page_2 PASSED [ 11%]
app/tests/integration/test_api_dashboard.py::TestDashboardLogs::test_logs_filter_by_agent PASSED [ 11%]
app/tests/integration/test_api_dashboard.py::TestDashboardLogs::test_logs_filter_by_status PASSED [ 12%]
app/tests/integration/test_api_dashboard.py::TestDashboardLogs::test_logs_search PASSED [ 12%]
app/tests/integration/test_api_dashboard.py::TestDashboardLogs::test_logs_combined_filters PASSED [ 13%]
app/tests/integration/test_api_dashboard.py::TestDashboardLogs::test_logs_empty_result PASSED [ 13%]
app/tests/integration/test_api_dashboard.py::TestDashboardLogs::test_logs_date_filter PASSED [ 14%]
app/tests/integration/test_api_webhook.py::TestWebhookEndpoint::test_webhook_returns_processed PASSED [ 15%]
app/tests/integration/test_api_webhook.py::TestWebhookEndpoint::test_webhook_inquiry_flow PASSED [ 15%]
app/tests/integration/test_api_webhook.py::TestWebhookEndpoint::test_webhook_cancel_flow PASSED [ 16%]
app/tests/integration/test_api_webhook.py::TestWebhookEndpoint::test_webhook_reschedule_flow PASSED [ 16%]
app/tests/integration/test_api_webhook.py::TestWebhookEndpoint::test_webhook_missing_fields_422 PASSED [ 17%]
app/tests/integration/test_api_webhook.py::TestWebhookEndpoint::test_webhook_invalid_timestamp_422 PASSED [ 17%]
app/tests/integration/test_api_webhook.py::TestWebhookEndpoint::test_webhook_empty_body_allowed PASSED [ 18%]
app/tests/integration/test_gmail_poller.py::TestParseMessage::test_parse_success PASSED [ 18%]
app/tests/integration/test_gmail_poller.py::TestParseMessage::test_parse_failure_returns_none PASSED [ 19%]
app/tests/integration/test_gmail_poller.py::TestMarkAsRead::test_mark_as_read_success PASSED [ 20%]
app/tests/integration/test_gmail_poller.py::TestMarkAsRead::test_mark_as_read_error_does_not_raise PASSED [ 20%]
app/tests/integration/test_gmail_poller.py::TestPollGmail::test_poll_gmail_processes_messages PASSED [ 21%]
app/tests/integration/test_gmail_poller.py::TestPollGmail::test_poll_gmail_skips_spam PASSED [ 21%]
app/tests/integration/test_gmail_poller.py::TestPollGmail::test_poll_gmail_no_messages PASSED [ 22%]
app/tests/integration/test_gmail_poller.py::TestPollGmail::test_poll_gmail_auth_failure PASSED [ 22%]
app/tests/unit/test_calendar_agent.py::TestCheckConflict::test_no_conflict PASSED [ 23%]
app/tests/unit/test_calendar_agent.py::TestCheckConflict::test_with_conflict PASSED [ 23%]
app/tests/unit/test_calendar_agent.py::TestCreateEvent::test_creates_event_successfully PASSED [ 24%]
app/tests/unit/test_calendar_agent.py::TestFindEventsByTime::test_finds_events PASSED [ 25%]
app/tests/unit/test_calendar_agent.py::TestProcessSchedule::test_schedule_success PASSED [ 25%]
app/tests/unit/test_calendar_agent.py::TestProcessSchedule::test_schedule_no_time PASSED [ 26%]
app/tests/unit/test_calendar_agent.py::TestProcessSchedule::test_schedule_invalid_time PASSED [ 26%]
app/tests/unit/test_calendar_agent.py::TestProcessSchedule::test_schedule_conflict PASSED [ 27%]
app/tests/unit/test_calendar_agent.py::TestProcessSchedule::test_schedule_http_error PASSED [ 27%]
app/tests/unit/test_calendar_agent.py::TestProcessCancel::test_cancel_success PASSED [ 28%]
app/tests/unit/test_calendar_agent.py::TestProcessCancel::test_cancel_no_time PASSED [ 28%]
app/tests/unit/test_calendar_agent.py::TestProcessCancel::test_cancel_not_found PASSED [ 29%]
app/tests/unit/test_calendar_agent.py::TestProcessReschedule::test_reschedule_success PASSED [ 30%]
app/tests/unit/test_calendar_agent.py::TestProcessReschedule::test_reschedule_no_new_time PASSED [ 30%]
app/tests/unit/test_calendar_agent.py::TestProcessReschedule::test_reschedule_no_old_time PASSED [ 31%]
app/tests/unit/test_calendar_agent.py::TestProcessReschedule::test_reschedule_not_found PASSED [ 31%]
app/tests/unit/test_calendar_agent.py::TestProcessReschedule::test_reschedule_conflict PASSED [ 32%]
app/tests/unit/test_chat_agent.py::TestFormatEvents::test_empty_events PASSED [ 32%]
app/tests/unit/test_chat_agent.py::TestFormatEvents::test_single_event PASSED [ 33%]
app/tests/unit/test_chat_agent.py::TestFormatEvents::test_multiple_events PASSED [ 33%]
app/tests/unit/test_chat_agent.py::TestFormatEvents::test_event_without_location PASSED [ 34%]
app/tests/unit/test_chat_agent.py::TestFormatEvents::test_invalid_date_format PASSED [ 35%]
app/tests/unit/test_chat_agent.py::TestFetchUpcomingEvents::test_returns_events PASSED [ 35%]
app/tests/unit/test_chat_agent.py::TestFetchUpcomingEvents::test_empty_response PASSED [ 36%]
app/tests/unit/test_chat_agent.py::TestFetchUpcomingEvents::test_api_error_returns_empty PASSED [ 36%]
app/tests/unit/test_chat_agent.py::TestChat::test_chat_returns_reply_and_action PASSED [ 37%]
app/tests/unit/test_chat_agent.py::TestChat::test_chat_extracts_action PASSED [ 37%]
app/tests/unit/test_chat_agent.py::TestChat::test_chat_handles_query_calendar PASSED [ 38%]
app/tests/unit/test_chat_agent.py::TestChat::test_chat_no_action PASSED  [ 38%]
app/tests/unit/test_chat_agent.py::TestChat::test_chat_error_returns_fallback PASSED [ 39%]
app/tests/unit/test_conflict_agent.py::TestIsSlotFree::test_slot_is_free PASSED [ 40%]
app/tests/unit/test_conflict_agent.py::TestIsSlotFree::test_slot_is_busy PASSED [ 40%]
app/tests/unit/test_conflict_agent.py::TestCandidateSlots::test_generates_slots_within_working_hours PASSED [ 41%]
app/tests/unit/test_conflict_agent.py::TestCandidateSlots::test_slots_have_correct_duration PASSED [ 41%]
app/tests/unit/test_conflict_agent.py::TestCandidateSlots::test_slots_are_30_minutes_apart PASSED [ 42%]
app/tests/unit/test_conflict_agent.py::TestCandidateSlots::test_skips_outside_working_hours PASSED [ 42%]
app/tests/unit/test_conflict_agent.py::TestCandidateSlots::test_rounds_up_to_next_30_min PASSED [ 43%]
app/tests/unit/test_conflict_agent.py::TestFindAlternatives::test_finds_alternatives PASSED [ 43%]
app/tests/unit/test_conflict_agent.py::TestFindAlternatives::test_limited_to_max_suggestions PASSED [ 44%]
app/tests/unit/test_conflict_agent.py::TestFindAlternatives::test_invalid_time_format PASSED [ 45%]
app/tests/unit/test_conflict_agent.py::TestFindAlternatives::test_not_found_when_all_busy PASSED [ 45%]
app/tests/unit/test_conflict_agent.py::TestFindAlternatives::test_error_handling PASSED [ 46%]
app/tests/unit/test_email_agent.py::TestExtractJson::test_extract_simple_json PASSED [ 46%]
app/tests/unit/test_email_agent.py::TestExtractJson::test_extract_json_with_surrounding_text PASSED [ 47%]
app/tests/unit/test_email_agent.py::TestExtractJson::test_extract_json_with_markdown_code_block PASSED [ 47%]
app/tests/unit/test_email_agent.py::TestExtractJson::test_extract_json_no_json_raises PASSED [ 48%]
app/tests/unit/test_email_agent.py::TestExtractJson::test_extract_json_invalid_json_raises PASSED [ 48%]
app/tests/unit/test_email_agent.py::TestFallback::test_fallback_structure PASSED [ 49%]
app/tests/unit/test_email_agent.py::TestProcessEmail::test_process_email_returns_correct_structure PASSED [ 50%]
app/tests/unit/test_email_agent.py::TestProcessEmail::test_process_email_schedule_intent PASSED [ 50%]
app/tests/unit/test_email_agent.py::TestProcessEmail::test_process_email_calls_openai PASSED [ 51%]
app/tests/unit/test_email_agent.py::TestProcessEmail::test_process_email_with_minimal_email PASSED [ 51%]
app/tests/unit/test_email_agent.py::TestProcessEmail::test_process_email_openai_error_returns_fallback PASSED [ 52%]
app/tests/unit/test_email_agent.py::TestProcessEmail::test_process_email_defaults_for_missing_keys PASSED [ 52%]
app/tests/unit/test_evaluation_agent.py::TestEvaluateAndRetry::test_evaluate_and_retry_success_first_try PASSED [ 53%]
app/tests/unit/test_evaluation_agent.py::TestEvaluateAndRetry::test_evaluate_and_retry_eventually_succeeds PASSED [ 53%]
app/tests/unit/test_evaluation_agent.py::TestEvaluateAndRetry::test_evaluate_and_retry_max_retries_exceeded PASSED [ 54%]
app/tests/unit/test_logger.py::TestLogEvent::test_log_event_inserts_row PASSED [ 55%]
app/tests/unit/test_logger.py::TestLogEvent::test_log_event_stores_correct_data PASSED [ 55%]
app/tests/unit/test_logger.py::TestLogEvent::test_log_event_multiple_entries PASSED [ 56%]
app/tests/unit/test_logger.py::TestLogEvent::test_log_event_with_unicode PASSED [ 56%]
app/tests/unit/test_logger.py::TestLogEvent::test_log_event_empty_payload PASSED [ 57%]
app/tests/unit/test_logger.py::TestLogEvent::test_log_event_does_not_raise_on_db_error PASSED [ 57%]
app/tests/unit/test_notification_agent.py::TestDecodeSubject::test_plain_subject PASSED [ 58%]
app/tests/unit/test_notification_agent.py::TestDecodeSubject::test_encoded_subject PASSED [ 58%]
app/tests/unit/test_notification_agent.py::TestDecodeSubject::test_empty_subject PASSED [ 59%]
app/tests/unit/test_notification_agent.py::TestDecodeSubject::test_none_subject PASSED [ 60%]
app/tests/unit/test_notification_agent.py::TestFormatDatetime::test_valid_iso PASSED [ 60%]
app/tests/unit/test_notification_agent.py::TestFormatDatetime::test_invalid_iso PASSED [ 61%]
app/tests/unit/test_notification_agent.py::TestFormatDatetime::test_empty_string PASSED [ 61%]
app/tests/unit/test_notification_agent.py::TestBuildSuccessEmail::test_returns_mime_message PASSED [ 62%]
app/tests/unit/test_notification_agent.py::TestBuildConflictEmail::test_returns_mime_message_with_suggestions PASSED [ 62%]
app/tests/unit/test_notification_agent.py::TestBuildConflictEmail::test_empty_suggestions PASSED [ 63%]
app/tests/unit/test_notification_agent.py::TestBuildCancelEmail::test_returns_mime_message PASSED [ 63%]
app/tests/unit/test_notification_agent.py::TestBuildCancelNotFoundEmail::test_returns_mime_message PASSED [ 64%]
app/tests/unit/test_notification_agent.py::TestBuildRescheduleEmail::test_returns_mime_message PASSED [ 65%]
app/tests/unit/test_notification_agent.py::TestBuildRescheduleNotFoundEmail::test_returns_mime_message PASSED [ 65%]
app/tests/unit/test_notification_agent.py::TestBuildErrorEmail::test_returns_mime_message PASSED [ 66%]
app/tests/unit/test_notification_agent.py::TestSend::test_send_success PASSED [ 66%]
app/tests/unit/test_notification_agent.py::TestSend::test_send_failure PASSED [ 67%]
app/tests/unit/test_notification_agent.py::TestSendNotification::test_send_created_notification PASSED [ 67%]
app/tests/unit/test_notification_agent.py::TestSendNotification::test_send_cancelled_notification PASSED [ 68%]
app/tests/unit/test_notification_agent.py::TestSendNotification::test_send_conflict_notification PASSED [ 68%]
app/tests/unit/test_notification_agent.py::TestSendNotification::test_send_not_found_notification PASSED [ 69%]
app/tests/unit/test_notification_agent.py::TestSendNotification::test_send_rescheduled_notification PASSED [ 70%]
app/tests/unit/test_notification_agent.py::TestSendNotification::test_send_error_notification PASSED [ 70%]
app/tests/unit/test_notification_agent.py::TestSendNotification::test_send_failure_returns_error PASSED [ 71%]
app/tests/unit/test_orchestrator.py::TestRunPipeline::test_schedule_flow PASSED [ 71%]
app/tests/unit/test_orchestrator.py::TestRunPipeline::test_schedule_flow_with_conflict PASSED [ 72%]
app/tests/unit/test_orchestrator.py::TestRunPipeline::test_cancel_flow PASSED [ 72%]
app/tests/unit/test_orchestrator.py::TestRunPipeline::test_reschedule_flow PASSED [ 73%]
app/tests/unit/test_orchestrator.py::TestRunPipeline::test_inquiry_flow PASSED [ 73%]
app/tests/unit/test_orchestrator.py::TestRunPipeline::test_other_flow PASSED [ 74%]
app/tests/unit/test_orchestrator.py::TestRunPipeline::test_schedule_flow_no_conflict PASSED [ 75%]
app/tests/unit/test_spam_filter.py::TestNormalize::test_lowercases PASSED [ 75%]
app/tests/unit/test_spam_filter.py::TestNormalize::test_strips_whitespace PASSED [ 76%]
app/tests/unit/test_spam_filter.py::TestNormalize::test_combined PASSED  [ 76%]
app/tests/unit/test_spam_filter.py::TestCheckSender::test_spam_sender_noreply PASSED [ 77%]
app/tests/unit/test_spam_filter.py::TestCheckSender::test_spam_sender_newsletter PASSED [ 77%]
app/tests/unit/test_spam_filter.py::TestCheckSender::test_spam_sender_marketing PASSED [ 78%]
app/tests/unit/test_spam_filter.py::TestCheckSender::test_clean_sender PASSED [ 78%]
app/tests/unit/test_spam_filter.py::TestCheckSender::test_empty_sender PASSED [ 79%]
app/tests/unit/test_spam_filter.py::TestCheckSender::test_case_insensitive PASSED [ 80%]
app/tests/unit/test_spam_filter.py::TestCheckSubject::test_spam_subject_unsubscribe PASSED [ 80%]
app/tests/unit/test_spam_filter.py::TestCheckSubject::test_spam_subject_discount PASSED [ 81%]
app/tests/unit/test_spam_filter.py::TestCheckSubject::test_spam_subject_khuyen_mai PASSED [ 81%]
app/tests/unit/test_spam_filter.py::TestCheckSubject::test_clean_subject PASSED [ 82%]
app/tests/unit/test_spam_filter.py::TestCheckSubject::test_empty_subject PASSED [ 82%]
app/tests/unit/test_spam_filter.py::TestCheckBody::test_spam_body_unsubscribe_link PASSED [ 83%]
app/tests/unit/test_spam_filter.py::TestCheckBody::test_spam_body_automated_message PASSED [ 83%]
app/tests/unit/test_spam_filter.py::TestCheckBody::test_spam_body_copyright PASSED [ 84%]
app/tests/unit/test_spam_filter.py::TestCheckBody::test_clean_body PASSED [ 85%]
app/tests/unit/test_spam_filter.py::TestCheckBody::test_empty_body PASSED [ 85%]
app/tests/unit/test_spam_filter.py::TestIsSpam::test_spam_by_sender PASSED [ 86%]
app/tests/unit/test_spam_filter.py::TestIsSpam::test_spam_by_subject PASSED [ 86%]
app/tests/unit/test_spam_filter.py::TestIsSpam::test_spam_by_body PASSED [ 87%]
app/tests/unit/test_spam_filter.py::TestIsSpam::test_clean_email PASSED  [ 87%]
app/tests/unit/test_spam_filter.py::TestIsSpam::test_sender_takes_priority PASSED [ 88%]
app/tests/unit/test_spam_filter.py::TestIsSpam::test_subject_checked_when_sender_clean PASSED [ 88%]
app/tests/unit/test_spam_filter.py::TestIsSpam::test_body_checked_when_sender_and_subject_clean PASSED [ 89%]
app/tests/unit/test_spam_filter.py::TestIsSpam::test_email_with_missing_attributes PASSED [ 90%]
app/tests/unit/test_spam_filter.py::TestIsSpam::test_email_with_none_attributes PASSED [ 90%]
app/tests/unit/test_spam_filter.py::TestIsSpam::test_spam_keyword_lists_are_populated PASSED [ 91%]
app/tests/unit/test_sqlite.py::TestDatabaseConnection::test_get_connection PASSED [ 91%]
app/tests/unit/test_sqlite.py::TestDatabaseConnection::test_init_db_creates_table PASSED [ 92%]
app/tests/unit/test_sqlite.py::TestDatabaseConnection::test_init_db_idempotent PASSED [ 92%]
app/tests/unit/test_sqlite.py::TestGetLogStats::test_empty_db_returns_zeros PASSED [ 93%]
app/tests/unit/test_sqlite.py::TestGetLogStats::test_returns_correct_counts PASSED [ 93%]
app/tests/unit/test_sqlite.py::TestGetLogs::test_empty_db_returns_empty PASSED [ 94%]
app/tests/unit/test_sqlite.py::TestGetLogs::test_returns_all_items PASSED [ 95%]
app/tests/unit/test_sqlite.py::TestGetLogs::test_pagination PASSED       [ 95%]
app/tests/unit/test_sqlite.py::TestGetLogs::test_filter_by_agent PASSED  [ 96%]
app/tests/unit/test_sqlite.py::TestGetLogs::test_filter_by_status PASSED [ 96%]
app/tests/unit/test_sqlite.py::TestGetLogs::test_filter_by_agent_and_status PASSED [ 97%]
app/tests/unit/test_sqlite.py::TestGetLogs::test_search_in_payload PASSED [ 97%]
app/tests/unit/test_sqlite.py::TestGetLogs::test_search_no_match PASSED  [ 98%]
app/tests/unit/test_sqlite.py::TestGetLogs::test_date_filter PASSED      [ 98%]
app/tests/unit/test_sqlite.py::TestGetLogs::test_items_have_correct_keys PASSED [ 99%]
app/tests/unit/test_sqlite.py::TestGetLogs::test_payload_is_json_string PASSED [100%]

============================== warnings summary ===============================
..\..\..\..\miniconda3\envs\datn\lib\site-packages\google\api_core\_python_version_support.py:273
  C:\Users\admin\miniconda3\envs\datn\lib\site-packages\google\api_core\_python_version_support.py:273: FutureWarning: You are using a Python version (3.10.20) which Google will stop supporting in new releases of google.api_core once it reaches its end of life (2026-10-04). Please upgrade to the latest Python version, or at least Python 3.11, to continue receiving updates for google.api_core past that date.
    warnings.warn(message, FutureWarning)

-- Docs: https://docs.pytest.org/en/stable/how-to/capture-warnings.html
======================= 180 passed, 1 warning in 7.52s ========================
